// Jest Snapshot v1, https://goo.gl/fbAQLP

exports[`Validator required fields returns the field 1`] = `"age is required"`;
